// Jest Snapshot v1, https://goo.gl/fbAQLP

exports[`ThemedButton snapshots default props 1`] = `
Array [
  .c0 {
  font-size: 1em;
  margin: 1em;
  padding: 0.25em 1em;
  border-radius: 3px;
  color: royalblue;
  border: 2px solid royalblue;
}

<button
    className="c0"
  >
    zonajobs
  </button>,
  .c0 {
  font-size: 1em;
  margin: 1em;
  padding: 0.25em 1em;
  border-radius: 3px;
  color: pink;
  border: 2px solid pink;
}

<button
    className="c0"
  >
    bumeran
  </button>,
]
`;
