// Jest Snapshot v1, https://goo.gl/fbAQLP

exports[`Aviso de Candidates should get all avisos data 1`] = `
Object {
  "content": Array [
    Object {
      "aptoDiscapacitado": false,
      "confidencial": false,
      "empresa": "NavarroARG",
      "fechaHoraPublicacion": "08-08-2019 11:37:49",
      "fechaPublicacion": "08-08-2019",
      "id": 1113483256,
      "idEmpresa": 13075667,
      "links": Array [
        Object {
          "href": "http://bm-applicants.prepro.api.core.jobs.navent.biz/v0/application/avisos/1113483256",
          "rel": "self",
        },
      ],
      "localizacion": "Ituzaingó, Buenos Aires",
      "logoURL": "http://imgbum.prepro.jobscdn.com/portal/img/empresas/1/static/logoMainPic_13075667_bum_vd40f98b7.jpg",
      "oportunidad": false,
      "planPublicacion": Object {
        "id": 10,
        "nombre": "Home",
      },
      "portal": "Bumeran",
      "salarioMaximo": 0,
      "salarioMinimo": 0,
      "tipoTrabajo": "Full-time",
      "titulo": "RRHH",
    },
    Object {
      "aptoDiscapacitado": false,
      "confidencial": false,
      "empresa": "Iunigo",
      "fechaHoraPublicacion": "08-08-2019 11:31:43",
      "fechaPublicacion": "08-08-2019",
      "id": 1113483255,
      "idEmpresa": 13075667,
      "links": Array [
        Object {
          "href": "http://bm-applicants.prepro.api.core.jobs.navent.biz/v0/application/avisos/1113483255",
          "rel": "self",
        },
      ],
      "localizacion": "Ituzaingó, Buenos Aires",
      "logoURL": "http://imgbum.prepro.jobscdn.com/portal/img/empresas/1/static/logoMainPic_13075667_aviso_1113483255_bum_vaf337268.jpg",
      "oportunidad": false,
      "planPublicacion": Object {
        "id": 10,
        "nombre": "Home",
      },
      "portal": "Bumeran",
      "salarioMaximo": 0,
      "salarioMinimo": 0,
      "tipoTrabajo": "Full-time",
      "titulo": "Asistente de Gerencia",
    },
    Object {
      "aptoDiscapacitado": false,
      "confidencial": false,
      "empresa": "Big Blue",
      "fechaHoraPublicacion": "08-08-2019 11:30:33",
      "fechaPublicacion": "08-08-2019",
      "id": 1113483254,
      "idEmpresa": 13075667,
      "links": Array [
        Object {
          "href": "http://bm-applicants.prepro.api.core.jobs.navent.biz/v0/application/avisos/1113483254",
          "rel": "self",
        },
      ],
      "localizacion": "Ituzaingó, Buenos Aires",
      "logoURL": "http://imgbum.prepro.jobscdn.com/portal/img/empresas/1/static/logoMainPic_13075667_aviso_1113483254_bum_v70f3971b.jpg",
      "oportunidad": false,
      "planPublicacion": Object {
        "id": 40,
        "nombre": "Destacados",
      },
      "portal": "Bumeran",
      "salarioMaximo": 0,
      "salarioMinimo": 0,
      "tipoTrabajo": "Full-time",
      "titulo": "Ejecutivo de Ventas",
    },
    Object {
      "aptoDiscapacitado": false,
      "confidencial": false,
      "empresa": "Médicos sin fronteras",
      "fechaHoraPublicacion": "08-08-2019 11:25:01",
      "fechaPublicacion": "08-08-2019",
      "id": 1113483252,
      "idEmpresa": 13075667,
      "links": Array [
        Object {
          "href": "http://bm-applicants.prepro.api.core.jobs.navent.biz/v0/application/avisos/1113483252",
          "rel": "self",
        },
      ],
      "localizacion": "Ituzaingó, Buenos Aires",
      "logoURL": "http://imgbum.prepro.jobscdn.com/portal/img/empresas/1/static/logoMainPic_13075667_aviso_1113483252_bum_v629c36d4.jpg",
      "oportunidad": false,
      "planPublicacion": Object {
        "id": 10,
        "nombre": "Home",
      },
      "portal": "Bumeran",
      "salarioMaximo": 0,
      "salarioMinimo": 0,
      "tipoTrabajo": "Full-time",
      "titulo": "Asistente de Gerencia",
    },
    Object {
      "aptoDiscapacitado": false,
      "confidencial": false,
      "empresa": "Solventa",
      "fechaHoraPublicacion": "08-08-2019 11:23:53",
      "fechaPublicacion": "08-08-2019",
      "id": 1113483251,
      "idEmpresa": 13075667,
      "links": Array [
        Object {
          "href": "http://bm-applicants.prepro.api.core.jobs.navent.biz/v0/application/avisos/1113483251",
          "rel": "self",
        },
      ],
      "localizacion": "Ituzaingó, Buenos Aires",
      "logoURL": "http://imgbum.prepro.jobscdn.com/portal/img/empresas/1/static/logoMainPic_13075667_aviso_1113483251_bum_v914330ff.jpg",
      "oportunidad": false,
      "planPublicacion": Object {
        "id": 40,
        "nombre": "Destacados",
      },
      "portal": "Bumeran",
      "salarioMaximo": 0,
      "salarioMinimo": 0,
      "tipoTrabajo": "Full-time",
      "titulo": "Call Center",
    },
    Object {
      "aptoDiscapacitado": false,
      "confidencial": false,
      "empresa": "NavarroARG",
      "fechaHoraPublicacion": "08-08-2019 11:21:07",
      "fechaPublicacion": "08-08-2019",
      "id": 1113483249,
      "idEmpresa": 13075667,
      "links": Array [
        Object {
          "href": "http://bm-applicants.prepro.api.core.jobs.navent.biz/v0/application/avisos/1113483249",
          "rel": "self",
        },
      ],
      "localizacion": "Ituzaingó, Buenos Aires",
      "logoURL": "http://imgbum.prepro.jobscdn.com/portal/img/empresas/1/static/logoMainPic_13075667_bum_vd40f98b7.jpg",
      "oportunidad": false,
      "planPublicacion": Object {
        "id": 10,
        "nombre": "Home",
      },
      "portal": "Bumeran",
      "salarioMaximo": 0,
      "salarioMinimo": 0,
      "tipoTrabajo": "Full-time",
      "titulo": "Vendedor Telefonico",
    },
    Object {
      "aptoDiscapacitado": false,
      "confidencial": false,
      "empresa": "NavarroARG",
      "fechaHoraPublicacion": "08-08-2019 11:20:01",
      "fechaPublicacion": "08-08-2019",
      "id": 1113483248,
      "idEmpresa": 13075667,
      "links": Array [
        Object {
          "href": "http://bm-applicants.prepro.api.core.jobs.navent.biz/v0/application/avisos/1113483248",
          "rel": "self",
        },
      ],
      "localizacion": "Ituzaingó, Buenos Aires",
      "logoURL": "http://imgbum.prepro.jobscdn.com/portal/img/empresas/1/static/logoMainPic_13075667_bum_vd40f98b7.jpg",
      "oportunidad": false,
      "planPublicacion": Object {
        "id": 40,
        "nombre": "Destacados",
      },
      "portal": "Bumeran",
      "salarioMaximo": 0,
      "salarioMinimo": 0,
      "tipoTrabajo": "Full-time",
      "titulo": "Administracion",
    },
  ],
  "filters": undefined,
  "number": 0,
  "size": 7,
  "total": 5908,
}
`;
